Archive member included to satisfy reference by file (symbol)

C:/ST/STM32CubeIDE_1.19.0/STM32CubeIDE/plugins/com.st.stm32cube.ide.mcu.externaltools.gnu-tools-for-stm32.13.3.rel1.win32_1.0.0.202411081344/tools/bin/../lib/gcc/arm-none-eabi/13.3.1/../../../../arm-none-eabi/lib/thumb/v7e-m+fp/hard\libc_nano.a(libc_a-exit.o)
                              C:/ST/STM32CubeIDE_1.19.0/STM32CubeIDE/plugins/com.st.stm32cube.ide.mcu.externaltools.gnu-tools-for-stm32.13.3.rel1.win32_1.0.0.202411081344/tools/bin/../lib/gcc/arm-none-eabi/13.3.1/../../../../arm-none-eabi/lib/thumb/v7e-m+fp/hard/crt0.o (exit)
C:/ST/STM32CubeIDE_1.19.0/STM32CubeIDE/plugins/com.st.stm32cube.ide.mcu.externaltools.gnu-tools-for-stm32.13.3.rel1.win32_1.0.0.202411081344/tools/bin/../lib/gcc/arm-none-eabi/13.3.1/../../../../arm-none-eabi/lib/thumb/v7e-m+fp/hard\libc_nano.a(libc_a-findfp.o)
                              C:/ST/STM32CubeIDE_1.19.0/STM32CubeIDE/plugins/com.st.stm32cube.ide.mcu.externaltools.gnu-tools-for-stm32.13.3.rel1.win32_1.0.0.202411081344/tools/bin/../lib/gcc/arm-none-eabi/13.3.1/../../../../arm-none-eabi/lib/thumb/v7e-m+fp/hard\libc_nano.a(libc_a-exit.o) (__stdio_exit_handler)
C:/ST/STM32CubeIDE_1.19.0/STM32CubeIDE/plugins/com.st.stm32cube.ide.mcu.externaltools.gnu-tools-for-stm32.13.3.rel1.win32_1.0.0.202411081344/tools/bin/../lib/gcc/arm-none-eabi/13.3.1/../../../../arm-none-eabi/lib/thumb/v7e-m+fp/hard\libc_nano.a(libc_a-fwalk.o)
                              C:/ST/STM32CubeIDE_1.19.0/STM32CubeIDE/plugins/com.st.stm32cube.ide.mcu.externaltools.gnu-tools-for-stm32.13.3.rel1.win32_1.0.0.202411081344/tools/bin/../lib/gcc/arm-none-eabi/13.3.1/../../../../arm-none-eabi/lib/thumb/v7e-m+fp/hard\libc_nano.a(libc_a-findfp.o) (_fwalk_sglue)
C:/ST/STM32CubeIDE_1.19.0/STM32CubeIDE/plugins/com.st.stm32cube.ide.mcu.externaltools.gnu-tools-for-stm32.13.3.rel1.win32_1.0.0.202411081344/tools/bin/../lib/gcc/arm-none-eabi/13.3.1/../../../../arm-none-eabi/lib/thumb/v7e-m+fp/hard\libc_nano.a(libc_a-stdio.o)
                              C:/ST/STM32CubeIDE_1.19.0/STM32CubeIDE/plugins/com.st.stm32cube.ide.mcu.externaltools.gnu-tools-for-stm32.13.3.rel1.win32_1.0.0.202411081344/tools/bin/../lib/gcc/arm-none-eabi/13.3.1/../../../../arm-none-eabi/lib/thumb/v7e-m+fp/hard\libc_nano.a(libc_a-findfp.o) (__sread)
C:/ST/STM32CubeIDE_1.19.0/STM32CubeIDE/plugins/com.st.stm32cube.ide.mcu.externaltools.gnu-tools-for-stm32.13.3.rel1.win32_1.0.0.202411081344/tools/bin/../lib/gcc/arm-none-eabi/13.3.1/../../../../arm-none-eabi/lib/thumb/v7e-m+fp/hard\libc_nano.a(libc_a-memset.o)
                              C:/ST/STM32CubeIDE_1.19.0/STM32CubeIDE/plugins/com.st.stm32cube.ide.mcu.externaltools.gnu-tools-for-stm32.13.3.rel1.win32_1.0.0.202411081344/tools/bin/../lib/gcc/arm-none-eabi/13.3.1/../../../../arm-none-eabi/lib/thumb/v7e-m+fp/hard/crt0.o (memset)
C:/ST/STM32CubeIDE_1.19.0/STM32CubeIDE/plugins/com.st.stm32cube.ide.mcu.externaltools.gnu-tools-for-stm32.13.3.rel1.win32_1.0.0.202411081344/tools/bin/../lib/gcc/arm-none-eabi/13.3.1/../../../../arm-none-eabi/lib/thumb/v7e-m+fp/hard\libc_nano.a(libc_a-closer.o)
                              C:/ST/STM32CubeIDE_1.19.0/STM32CubeIDE/plugins/com.st.stm32cube.ide.mcu.externaltools.gnu-tools-for-stm32.13.3.rel1.win32_1.0.0.202411081344/tools/bin/../lib/gcc/arm-none-eabi/13.3.1/../../../../arm-none-eabi/lib/thumb/v7e-m+fp/hard\libc_nano.a(libc_a-stdio.o) (_close_r)
C:/ST/STM32CubeIDE_1.19.0/STM32CubeIDE/plugins/com.st.stm32cube.ide.mcu.externaltools.gnu-tools-for-stm32.13.3.rel1.win32_1.0.0.202411081344/tools/bin/../lib/gcc/arm-none-eabi/13.3.1/../../../../arm-none-eabi/lib/thumb/v7e-m+fp/hard\libc_nano.a(libc_a-reent.o)
                              C:/ST/STM32CubeIDE_1.19.0/STM32CubeIDE/plugins/com.st.stm32cube.ide.mcu.externaltools.gnu-tools-for-stm32.13.3.rel1.win32_1.0.0.202411081344/tools/bin/../lib/gcc/arm-none-eabi/13.3.1/../../../../arm-none-eabi/lib/thumb/v7e-m+fp/hard\libc_nano.a(libc_a-closer.o) (errno)
C:/ST/STM32CubeIDE_1.19.0/STM32CubeIDE/plugins/com.st.stm32cube.ide.mcu.externaltools.gnu-tools-for-stm32.13.3.rel1.win32_1.0.0.202411081344/tools/bin/../lib/gcc/arm-none-eabi/13.3.1/../../../../arm-none-eabi/lib/thumb/v7e-m+fp/hard\libc_nano.a(libc_a-impure.o)
                              C:/ST/STM32CubeIDE_1.19.0/STM32CubeIDE/plugins/com.st.stm32cube.ide.mcu.externaltools.gnu-tools-for-stm32.13.3.rel1.win32_1.0.0.202411081344/tools/bin/../lib/gcc/arm-none-eabi/13.3.1/../../../../arm-none-eabi/lib/thumb/v7e-m+fp/hard\libc_nano.a(libc_a-reent.o) (_impure_ptr)
C:/ST/STM32CubeIDE_1.19.0/STM32CubeIDE/plugins/com.st.stm32cube.ide.mcu.externaltools.gnu-tools-for-stm32.13.3.rel1.win32_1.0.0.202411081344/tools/bin/../lib/gcc/arm-none-eabi/13.3.1/../../../../arm-none-eabi/lib/thumb/v7e-m+fp/hard\libc_nano.a(libc_a-lseekr.o)
[...]
Memory Configuration

Name             Origin             Length             Attributes
CCMRAM           0x10000000         0x00010000         xrw
RAM              0x20000000         0x00030000         xrw
FLASH            0x08000000         0x00200000         xr
*default*        0x00000000         0xffffffff

Linker script and memory map

LOAD C:/ST/STM32CubeIDE_1.19.0/STM32CubeIDE/plugins/com.st.stm32cube.ide.mcu.externaltools.gnu-tools-for-stm32.13.3.rel1.win32_1.0.0.202411081344/tools/bin/../lib/gcc/arm-none-eabi/13.3.1/thumb/v7e-m+fp/hard/crti.o
LOAD C:/ST/STM32CubeIDE_1.19.0/STM32CubeIDE/plugins/com.st.stm32cube.ide.mcu.externaltools.gnu-tools-for-stm32.13.3.rel1.win32_1.0.0.202411081344/tools/bin/../lib/gcc/arm-none-eabi/13.3.1/thumb/v7e-m+fp/hard/crtbegin.o
LOAD C:/ST/STM32CubeIDE_1.19.0/STM32CubeIDE/plugins/com.st.stm32cube.ide.mcu.externaltools.gnu-tools-for-stm32.13.3.rel1.win32_1.0.0.202411081344/tools/bin/../lib/gcc/arm-none-eabi/13.3.1/../../../../arm-none-eabi/lib/thumb/v7e-m+fp/hard/crt0.o
LOAD ./Core/Bootloader/Src/Bootloader.o
LOAD ./Core/CAN/Src/CAN_Messages.o
LOAD ./Core/Main/Src/main.o
LOAD ./Core/Main/Src/stm32f4xx_hal_msp.o
LOAD ./Core/Main/Src/stm32f4xx_it.o
LOAD ./Core/Main/Src/syscalls.o
LOAD ./Core/Main/Src/sysmem.o
LOAD ./Core/Main/Src/system_stm32f4xx.o
LOAD ./Core/Startup/startup_stm32f429zitx.o
LOAD ./Drivers/STM32F4xx_HAL_Driver/Src/stm32f4xx_hal.o
LOAD ./Drivers/STM32F4xx_HAL_Driver/Src/stm32f4xx_hal_can.o
LOAD ./Drivers/STM32F4xx_HAL_Driver/Src/stm32f4xx_hal_cortex.o
LOAD ./Drivers/STM32F4xx_HAL_Driver/Src/stm32f4xx_hal_dma.o
LOAD ./Drivers/STM32F4xx_HAL_Driver/Src/stm32f4xx_hal_dma_ex.o
LOAD ./Drivers/STM32F4xx_HAL_Driver/Src/stm32f4xx_hal_exti.o
LOAD ./Drivers/STM32F4xx_HAL_Driver/Src/stm32f4xx_hal_flash.o
LOAD ./Drivers/STM32F4xx_HAL_Driver/Src/stm32f4xx_hal_flash_ex.o
LOAD ./Drivers/STM32F4xx_HAL_Driver/Src/stm32f4xx_hal_flash_ramfunc.o
LOAD ./Drivers/STM32F4xx_HAL_Driver/Src/stm32f4xx_hal_gpio.o
LOAD ./Drivers/STM32F4xx_HAL_Driver/Src/stm32f4xx_hal_pwr.o
LOAD ./Drivers/STM32F4xx_HAL_Driver/Src/stm32f4xx_hal_pwr_ex.o
LOAD ./Drivers/STM32F4xx_HAL_Driver/Src/stm32f4xx_hal_rcc.o
LOAD ./Drivers/STM32F4xx_HAL_Driver/Src/stm32f4xx_hal_rcc_ex.o
START GROUP
LOAD C:/ST/STM32CubeIDE_1.19.0/STM32CubeIDE/plugins/com.st.stm32cube.ide.mcu.externaltools.gnu-tools-for-stm32.13.3.rel1.win32_1.0.0.202411081344/tools/bin/../lib/gcc/arm-none-eabi/13.3.1/../../../../arm-none-eabi/lib/thumb/v7e-m+fp/hard\libc_nano.a
LOAD C:/ST/STM32CubeIDE_1.19.0/STM32CubeIDE/plugins/com.st.stm32cube.ide.mcu.externaltools.gnu-tools-for-stm32.13.3.rel1.win32_1.0.0.202411081344/tools/bin/../lib/gcc/arm-none-eabi/13.3.1/../../../../arm-none-eabi/lib/thumb/v7e-m+fp/hard\libm.a
END GROUP
START GROUP
LOAD C:/ST/STM32CubeIDE_1.19.0/STM32CubeIDE/plugins/com.st.stm32cube.ide.mcu.externaltools.gnu-tools-for-stm32.13.3.rel1.win32_1.0.0.202411081344/tools/bin/../lib/gcc/arm-none-eabi/13.3.1/thumb/v7e-m+fp/hard\libgcc.a
LOAD C:/ST/STM32CubeIDE_1.19.0/STM32CubeIDE/plugins/com.st.stm32cube.ide.mcu.externaltools.gnu-tools-for-stm32.13.3.rel1.win32_1.0.0.202411081344/tools/bin/../lib/gcc/arm-none-eabi/13.3.1/../../../../arm-none-eabi/lib/thumb/v7e-m+fp/hard\libc_nano.a
END GROUP
START GROUP
LOAD C:/ST/STM32CubeIDE_1.19.0/STM32CubeIDE/plugins/com.st.stm32cube.ide.mcu.externaltools.gnu-tools-for-stm32.13.3.rel1.win32_1.0.0.202411081344/tools/bin/../lib/gcc/arm-none-eabi/13.3.1/thumb/v7e-m+fp/hard\libgcc.a
LOAD C:/ST/STM32CubeIDE_1.19.0/STM32CubeIDE/plugins/com.st.stm32cube.ide.mcu.externaltools.gnu-tools-for-stm32.13.3.rel1.win32_1.0.0.202411081344/tools/bin/../lib/gcc/arm-none-eabi/13.3.1/../../../../arm-none-eabi/lib/thumb/v7e-m+fp/hard\libc_nano.a
LOAD C:/ST/STM32CubeIDE_1.19.0/STM32CubeIDE/plugins/com.st.stm32cube.ide.mcu.externaltools.gnu-tools-for-stm32.13.3.rel1.win32_1.0.0.202411081344/tools/bin/../lib/gcc/arm-none-eabi/13.3.1/../../../../arm-none-eabi/lib/thumb/v7e-m+fp/hard\libnosys.a
END GROUP
START GROUP
LOAD C:/ST/STM32CubeIDE_1.19.0/STM32CubeIDE/plugins/com.st.stm32cube.ide.mcu.externaltools.gnu-tools-for-stm32.13.3.rel1.win32_1.0.0.202411081344/tools/bin/../lib/gcc/arm-none-eabi/13.3.1/thumb/v7e-m+fp/hard\libgcc.a
LOAD C:/ST/STM32CubeIDE_1.19.0/STM32CubeIDE/plugins/com.st.stm32cube.ide.mcu.externaltools.gnu-tools-for-stm32.13.3.rel1.win32_1.0.0.202411081344/tools/bin/../lib/gcc/arm-none-eabi/13.3.1/../../../../arm-none-eabi/lib/thumb/v7e-m+fp/hard\libc_nano.a
LOAD C:/ST/STM32CubeIDE_1.19.0/STM32CubeIDE/plugins/com.st.stm32cube.ide.mcu.externaltools.gnu-tools-for-stm32.13.3.rel1.win32_1.0.0.202411081344/tools/bin/../lib/gcc/arm-none-eabi/13.3.1/../../../../arm-none-eabi/lib/thumb/v7e-m+fp/hard\libnosys.a
END GROUP
LOAD C:/ST/STM32CubeIDE_1.19.0/STM32CubeIDE/plugins/com.st.stm32cube.ide.mcu.externaltools.gnu-tools-for-stm32.13.3.rel1.win32_1.0.0.202411081344/tools/bin/../lib/gcc/arm-none-eabi/13.3.1/thumb/v7e-m+fp/hard/crtend.o
LOAD C:/ST/STM32CubeIDE_1.19.0/STM32CubeIDE/plugins/com.st.stm32cube.ide.mcu.externaltools.gnu-tools-for-stm32.13.3.rel1.win32_1.0.0.202411081344/tools/bin/../lib/gcc/arm-none-eabi/13.3.1/thumb/v7e-m+fp/hard/crtn.o
                0x20030000                        _estack = (ORIGIN (RAM) + LENGTH (RAM))
                0x00000200                        _Min_Heap_Size = 0x200
                0x00000400                        _Min_Stack_Size = 0x400

.isr_vector     0x08000000      0x1ac
                0x08000000                        . = ALIGN (0x4)
 *(.isr_vector)
 .isr_vector    0x08000000      0x1ac ./Core/Startup/startup_stm32f429zitx.o
                0x08000000                g_pfnVectors
                0x080001ac                        . = ALIGN (0x4)

.text           0x080001ac     0x351c
                0x080001ac                        . = ALIGN (0x4)
 *(.text)
 .text          0x080001ac       0x40 C:/ST/STM32CubeIDE_1.19.0/STM32CubeIDE/plugins/com.st.stm32cube.ide.mcu.externaltools.gnu-tools-for-stm32.13.3.rel1.win32_1.0.0.202411081344/tools/bin/../lib/gcc/arm-none-eabi/13.3.1/thumb/v7e-m+fp/hard/crtbegin.o
 .text          0x080001ec       0x30 C:/ST/STM32CubeIDE_1.19.0/STM32CubeIDE/plugins/com.st.stm32cube.ide.mcu.externaltools.gnu-tools-for-stm32.13.3.rel1.win32_1.0.0.202411081344/tools/bin/../lib/gcc/arm-none-eabi/13.3.1/thumb/v7e-m+fp/hard\libgcc.a(_aeabi_uldivmod.o)
                0x080001ec                __aeabi_uldivmod
 .text          0x0800021c      0x2f8 C:/ST/STM32CubeIDE_1.19.0/STM32CubeIDE/plugins/com.st.stm32cube.ide.mcu.externaltools.gnu-tools-for-stm32.13.3.rel1.win32_1.0.0.202411081344/tools/bin/../lib/gcc/arm-none-eabi/13.3.1/thumb/v7e-m+fp/hard\libgcc.a(_udivmoddi4.o)
                0x0800021c                __udivmoddi4
 .text          0x08000514        0x4 C:/ST/STM32CubeIDE_1.19.0/STM32CubeIDE/plugins/com.st.stm32cube.ide.mcu.externaltools.gnu-tools-for-stm32.13.3.rel1.win32_1.0.0.202411081344/tools/bin/../lib/gcc/arm-none-eabi/13.3.1/thumb/v7e-m+fp/hard\libgcc.a(_dvmd_tls.o)
                0x08000514                __aeabi_idiv0
                0x08000514                __aeabi_ldiv0
 *(.text*)
 .text.CheckAndResetAfterUpdate
                0x08000518       0xcc ./Core/Bootloader/Src/Bootloader.o
                0x08000518                CheckAndResetAfterUpdate
 .text.GetBinFile
                0x080005e4      0x1ac ./Core/Bootloader/Src/Bootloader.o
                0x080005e4                GetBinFile
 .text.Bootloader_Erase_Flash
                0x08000790       0x58 ./Core/Bootloader/Src/Bootloader.o
                0x08000790                Bootloader_Erase_Flash
 .text.FillCANContentAndTransmit
                0x080007e8       0xa0 ./Core/CAN/Src/CAN_Messages.o
                0x080007e8                FillCANContentAndTransmit
 .text.UIBootloaderCommandAnswer
                0x08000888       0x74 ./Core/CAN/Src/CAN_Messages.o
                0x08000888                UIBootloaderCommandAnswer
 .text.UIUpdateRequestAnswer
                0x080008fc       0x88 ./Core/CAN/Src/CAN_Messages.o
                0x080008fc                UIUpdateRequestAnswer
 .text.UIBINDatasAnswer
                0x08000984       0x34 ./Core/CAN/Src/CAN_Messages.o
                0x08000984                UIBINDatasAnswer
 .text.UIUpdateCompleated
                0x080009b8       0x40 ./Core/CAN/Src/CAN_Messages.o
                0x080009b8                UIUpdateCompleated
 .text.FindCANMessage
                0x080009f8       0x74 ./Core/CAN/Src/CAN_Messages.o
                0x080009f8                FindCANMessage
 .text.main     0x08000a6c       0x58 ./Core/Main/Src/main.o
                0x08000a6c                main
 .text.SystemClock_Config
                0x08000ac4       0xe4 ./Core/Main/Src/main.o
                0x08000ac4                SystemClock_Config
 .text.MX_CAN2_Init
                0x08000ba8       0x6c ./Core/Main/Src/main.o
 .text.MX_GPIO_Init
                0x08000c14       0x50 ./Core/Main/Src/main.o
 .text.InitPeripherals
                0x08000c64       0x7c ./Core/Main/Src/main.o
                0x08000c64                InitPeripherals
 .text.Check_Bootloader_Command
                0x08000ce0       0x38 ./Core/Main/Src/main.o
                0x08000ce0                Check_Bootloader_Command
 .text.JumpToApp
                0x08000d18       0x94 ./Core/Main/Src/main.o
                0x08000d18                JumpToApp
 .text.Error_Handler
                0x08000dac        0xc ./Core/Main/Src/main.o
                0x08000dac                Error_Handler
 .text.HAL_MspInit
                0x08000db8       0x50 ./Core/Main/Src/stm32f4xx_hal_msp.o
                0x08000db8                HAL_MspInit
 .text.HAL_CAN_MspInit
                0x08000e08       0xec ./Core/Main/Src/stm32f4xx_hal_msp.o
                0x08000e08                HAL_CAN_MspInit
 .text.NMI_Handler
                0x08000ef4        0x8 ./Core/Main/Src/stm32f4xx_it.o
                0x08000ef4                NMI_Handler
 .text.HardFault_Handler
                0x08000efc        0x8 ./Core/Main/Src/stm32f4xx_it.o
                0x08000efc                HardFault_Handler
 .text.MemManage_Handler
                0x08000f04        0x8 ./Core/Main/Src/stm32f4xx_it.o
                0x08000f04                MemManage_Handler
 .text.BusFault_Handler
                0x08000f0c        0x8 ./Core/Main/Src/stm32f4xx_it.o
                0x08000f0c                BusFault_Handler
 .text.UsageFault_Handler
                0x08000f14        0x8 ./Core/Main/Src/stm32f4xx_it.o
                0x08000f14                UsageFault_Handler
 .text.SVC_Handler
                0x08000f1c        0xe ./Core/Main/Src/stm32f4xx_it.o
                0x08000f1c                SVC_Handler
 .text.DebugMon_Handler
                0x08000f2a        0xe ./Core/Main/Src/stm32f4xx_it.o
                0x08000f2a                DebugMon_Handler
 .text.PendSV_Handler
                0x08000f38        0xe ./Core/Main/Src/stm32f4xx_it.o
                0x08000f38                PendSV_Handler
 .text.SysTick_Handler
                0x08000f46        0xc ./Core/Main/Src/stm32f4xx_it.o
                0x08000f46                SysTick_Handler
 *fill*         0x08000f52        0x2 
 .text.CAN2_TX_IRQHandler
                0x08000f54       0x14 ./Core/Main/Src/stm32f4xx_it.o
                0x08000f54                CAN2_TX_IRQHandler
 .text.CAN2_RX0_IRQHandler
                0x08000f68       0x38 ./Core/Main/Src/stm32f4xx_it.o
                0x08000f68                CAN2_RX0_IRQHandler
 .text.CAN2_RX1_IRQHandler
                0x08000fa0       0x14 ./Core/Main/Src/stm32f4xx_it.o
                0x08000fa0                CAN2_RX1_IRQHandler
 .text.CAN2_SCE_IRQHandler
                0x08000fb4       0x14 ./Core/Main/Src/stm32f4xx_it.o
                0x08000fb4                CAN2_SCE_IRQHandler
 .text.SystemInit
                0x08000fc8       0x24 ./Core/Main/Src/system_stm32f4xx.o
                0x08000fc8                SystemInit
 .text.Reset_Handler
                0x08000fec       0x50 ./Core/Startup/startup_stm32f429zitx.o
                0x08000fec                Reset_Handler
 .text.Default_Handler
                0x0800103c        0x2 ./Core/Startup/startup_stm32f429zitx.o
                0x0800103c                RTC_Alarm_IRQHandler
                0x0800103c                HASH_RNG_IRQHandler
                0x0800103c                EXTI2_IRQHandler
                0x0800103c                TIM8_CC_IRQHandler
                0x0800103c                UART8_IRQHandler
                0x0800103c                SPI4_IRQHandler
                0x0800103c                TIM1_CC_IRQHandler
                0x0800103c                DMA2_Stream5_IRQHandler
                0x0800103c                DMA1_Stream5_IRQHandler
                0x0800103c                PVD_IRQHandler
                0x0800103c                SDIO_IRQHandler
                0x0800103c                TAMP_STAMP_IRQHandler
                0x0800103c                EXTI3_IRQHandler
                0x0800103c                TIM8_TRG_COM_TIM14_IRQHandler
                0x0800103c                TIM1_UP_TIM10_IRQHandler
                0x0800103c                TIM8_UP_TIM13_IRQHandler
                0x0800103c                I2C3_ER_IRQHandler
                0x0800103c                EXTI0_IRQHandler
                0x0800103c                I2C2_EV_IRQHandler
                0x0800103c                DMA1_Stream2_IRQHandler
                0x0800103c                CAN1_RX0_IRQHandler
                0x0800103c                FPU_IRQHandler
                0x0800103c                OTG_HS_WKUP_IRQHandler
                0x0800103c                LTDC_ER_IRQHandler
                0x0800103c                DMA2_Stream2_IRQHandler
                0x0800103c                SPI1_IRQHandler
                0x0800103c                TIM6_DAC_IRQHandler
                0x0800103c                TIM1_BRK_TIM9_IRQHandler
                0x0800103c                DCMI_IRQHandler
                0x0800103c                DMA2_Stream3_IRQHandler
                0x0800103c                USART6_IRQHandler
                0x0800103c                USART3_IRQHandler
                0x0800103c                CAN1_RX1_IRQHandler
                0x0800103c                UART5_IRQHandler
                0x0800103c                DMA2_Stream0_IRQHandler
                0x0800103c                TIM4_IRQHandler
                0x0800103c                I2C1_EV_IRQHandler
                0x0800103c                DMA1_Stream6_IRQHandler
                0x0800103c                DMA1_Stream1_IRQHandler
                0x0800103c                UART4_IRQHandler
                0x0800103c                TIM3_IRQHandler
                0x0800103c                RCC_IRQHandler
                0x0800103c                TIM8_BRK_TIM12_IRQHandler
                0x0800103c                Default_Handler
                0x0800103c                EXTI15_10_IRQHandler
                0x0800103c                ADC_IRQHandler
                0x0800103c                DMA1_Stream7_IRQHandler
                0x0800103c                SPI5_IRQHandler
                0x0800103c                TIM7_IRQHandler
                0x0800103c                TIM5_IRQHandler
                0x0800103c                DMA2_Stream7_IRQHandler
                0x0800103c                I2C3_EV_IRQHandler
                0x0800103c                EXTI9_5_IRQHandler
                0x0800103c                RTC_WKUP_IRQHandler
                0x0800103c                LTDC_IRQHandler
                0x0800103c                ETH_WKUP_IRQHandler
                0x0800103c                SPI2_IRQHandler
                0x0800103c                OTG_HS_EP1_IN_IRQHandler
                0x0800103c                DMA1_Stream0_IRQHandler
                0x0800103c                CAN1_TX_IRQHandler
                0x0800103c                EXTI4_IRQHandler
                0x0800103c                ETH_IRQHandler
                0x0800103c                OTG_HS_EP1_OUT_IRQHandler
                0x0800103c                WWDG_IRQHandler
                0x0800103c                SPI6_IRQHandler
                0x0800103c                TIM2_IRQHandler
                0x0800103c                OTG_FS_WKUP_IRQHandler
                0x0800103c                TIM1_TRG_COM_TIM11_IRQHandler
                0x0800103c                OTG_HS_IRQHandler
                0x0800103c                DMA2D_IRQHandler
                0x0800103c                EXTI1_IRQHandler
                0x0800103c                UART7_IRQHandler
                0x0800103c                USART2_IRQHandler
                0x0800103c                I2C2_ER_IRQHandler
                0x0800103c                DMA2_Stream1_IRQHandler
                0x0800103c                CAN1_SCE_IRQHandler
                0x0800103c                FLASH_IRQHandler
                0x0800103c                DMA2_Stream4_IRQHandler
                0x0800103c                USART1_IRQHandler
                0x0800103c                OTG_FS_IRQHandler
                0x0800103c                SPI3_IRQHandler
                0x0800103c                DMA1_Stream4_IRQHandler
                0x0800103c                I2C1_ER_IRQHandler
                0x0800103c                FMC_IRQHandler
                0x0800103c                DMA2_Stream6_IRQHandler
                0x0800103c                SAI1_IRQHandler
                0x0800103c                DMA1_Stream3_IRQHandler
 *fill*         0x0800103e        0x2 
 .text.HAL_Init
                0x08001040       0x44 ./Drivers/STM32F4xx_HAL_Driver/Src/stm32f4xx_hal.o
                0x08001040                HAL_Init
 .text.HAL_DeInit
                0x08001084       0x5c ./Drivers/STM32F4xx_HAL_Driver/Src/stm32f4xx_hal.o
                0x08001084                HAL_DeInit
 .text.HAL_MspDeInit
                0x080010e0        0xe ./Drivers/STM32F4xx_HAL_Driver/Src/stm32f4xx_hal.o
                0x080010e0                HAL_MspDeInit
 *fill*         0x080010ee        0x2 
 .text.HAL_InitTick
                0x080010f0       0x60 ./Drivers/STM32F4xx_HAL_Driver/Src/stm32f4xx_hal.o
                0x080010f0                HAL_InitTick
 .text.HAL_IncTick
                0x08001150       0x28 ./Drivers/STM32F4xx_HAL_Driver/Src/stm32f4xx_hal.o
                0x08001150                HAL_IncTick
 .text.HAL_GetTick
                0x08001178       0x18 ./Drivers/STM32F4xx_HAL_Driver/Src/stm32f4xx_hal.o
                0x08001178                HAL_GetTick
 .text.HAL_CAN_Init
                0x08001190      0x1f6 ./Drivers/STM32F4xx_HAL_Driver/Src/stm32f4xx_hal_can.o
                0x08001190                HAL_CAN_Init
 *fill*         0x08001386        0x2 
 .text.HAL_CAN_ConfigFilter
                0x08001388      0x1bc ./Drivers/STM32F4xx_HAL_Driver/Src/stm32f4xx_hal_can.o
                0x08001388                HAL_CAN_ConfigFilter
 .text.HAL_CAN_Start
                0x08001544       0x88 ./Drivers/STM32F4xx_HAL_Driver/Src/stm32f4xx_hal_can.o
                0x08001544                HAL_CAN_Start
 .text.HAL_CAN_AddTxMessage
                0x080015cc      0x1a0 ./Drivers/STM32F4xx_HAL_Driver/Src/stm32f4xx_hal_can.o
                0x080015cc                HAL_CAN_AddTxMessage
 .text.HAL_CAN_GetTxMailboxesFreeLevel
                0x0800176c       0x6a ./Drivers/STM32F4xx_HAL_Driver/Src/stm32f4xx_hal_can.o
                0x0800176c                HAL_CAN_GetTxMailboxesFreeLevel
 .text.HAL_CAN_IsTxMessagePending
                0x080017d6       0x48 ./Drivers/STM32F4xx_HAL_Driver/Src/stm32f4xx_hal_can.o
                0x080017d6                HAL_CAN_IsTxMessagePending
 .text.HAL_CAN_GetRxMessage
                0x0800181e      0x244 ./Drivers/STM32F4xx_HAL_Driver/Src/stm32f4xx_hal_can.o
                0x0800181e                HAL_CAN_GetRxMessage
 .text.HAL_CAN_ActivateNotification
                0x08001a62       0x4c ./Drivers/STM32F4xx_HAL_Driver/Src/stm32f4xx_hal_can.o
                0x08001a62                HAL_CAN_ActivateNotification
 .text.HAL_CAN_IRQHandler
                0x08001aae      0x36e ./Drivers/STM32F4xx_HAL_Driver/Src/stm32f4xx_hal_can.o
                0x08001aae                HAL_CAN_IRQHandler
 .text.HAL_CAN_TxMailbox0CompleteCallback
                0x08001e1c       0x14 ./Drivers/STM32F4xx_HAL_Driver/Src/stm32f4xx_hal_can.o
                0x08001e1c                HAL_CAN_TxMailbox0CompleteCallback
 .text.HAL_CAN_TxMailbox1CompleteCallback
                0x08001e30       0x14 ./Drivers/STM32F4xx_HAL_Driver/Src/stm32f4xx_hal_can.o
                0x08001e30                HAL_CAN_TxMailbox1CompleteCallback
 .text.HAL_CAN_TxMailbox2CompleteCallback
                0x08001e44       0x14 ./Drivers/STM32F4xx_HAL_Driver/Src/stm32f4xx_hal_can.o
                0x08001e44                HAL_CAN_TxMailbox2CompleteCallback
 .text.HAL_CAN_TxMailbox0AbortCallback
                0x08001e58       0x14 ./Drivers/STM32F4xx_HAL_Driver/Src/stm32f4xx_hal_can.o
                0x08001e58                HAL_CAN_TxMailbox0AbortCallback
 .text.HAL_CAN_TxMailbox1AbortCallback
                0x08001e6c       0x14 ./Drivers/STM32F4xx_HAL_Driver/Src/stm32f4xx_hal_can.o
                0x08001e6c                HAL_CAN_TxMailbox1AbortCallback
 .text.HAL_CAN_TxMailbox2AbortCallback
                0x08001e80       0x14 ./Drivers/STM32F4xx_HAL_Driver/Src/stm32f4xx_hal_can.o
                0x08001e80                HAL_CAN_TxMailbox2AbortCallback
 .text.HAL_CAN_RxFifo0MsgPendingCallback
                0x08001e94       0x14 ./Drivers/STM32F4xx_HAL_Driver/Src/stm32f4xx_hal_can.o
                0x08001e94                HAL_CAN_RxFifo0MsgPendingCallback
 .text.HAL_CAN_RxFifo0FullCallback
                0x08001ea8       0x14 ./Drivers/STM32F4xx_HAL_Driver/Src/stm32f4xx_hal_can.o
                0x08001ea8                HAL_CAN_RxFifo0FullCallback
 .text.HAL_CAN_RxFifo1MsgPendingCallback
                0x08001ebc       0x14 ./Drivers/STM32F4xx_HAL_Driver/Src/stm32f4xx_hal_can.o
                0x08001ebc                HAL_CAN_RxFifo1MsgPendingCallback
 .text.HAL_CAN_RxFifo1FullCallback
                0x08001ed0       0x14 ./Drivers/STM32F4xx_HAL_Driver/Src/stm32f4xx_hal_can.o
                0x08001ed0                HAL_CAN_RxFifo1FullCallback
 .text.HAL_CAN_SleepCallback
                0x08001ee4       0x14 ./Drivers/STM32F4xx_HAL_Driver/Src/stm32f4xx_hal_can.o
                0x08001ee4                HAL_CAN_SleepCallback
 .text.HAL_CAN_WakeUpFromRxMsgCallback
                0x08001ef8       0x14 ./Drivers/STM32F4xx_HAL_Driver/Src/stm32f4xx_hal_can.o
                0x08001ef8                HAL_CAN_WakeUpFromRxMsgCallback
 .text.HAL_CAN_ErrorCallback
                0x08001f0c       0x14 ./Drivers/STM32F4xx_HAL_Driver/Src/stm32f4xx_hal_can.o
                0x08001f0c                HAL_CAN_ErrorCallback
 .text.__NVIC_SetPriorityGrouping
                0x08001f20       0x48 ./Drivers/STM32F4xx_HAL_Driver/Src/stm32f4xx_hal_cortex.o
 .text.__NVIC_GetPriorityGrouping
                0x08001f68       0x1c ./Drivers/STM32F4xx_HAL_Driver/Src/stm32f4xx_hal_cortex.o
 .text.__NVIC_EnableIRQ
                0x08001f84       0x3c ./Drivers/STM32F4xx_HAL_Driver/Src/stm32f4xx_hal_cortex.o
 .text.__NVIC_SetPriority
                0x08001fc0       0x54 ./Drivers/STM32F4xx_HAL_Driver/Src/stm32f4xx_hal_cortex.o
 .text.NVIC_EncodePriority
                0x08002014       0x66 ./Drivers/STM32F4xx_HAL_Driver/Src/stm32f4xx_hal_cortex.o
 *fill*         0x0800207a        0x2 
 .text.SysTick_Config
                0x0800207c       0x44 ./Drivers/STM32F4xx_HAL_Driver/Src/stm32f4xx_hal_cortex.o
 .text.HAL_NVIC_SetPriorityGrouping
                0x080020c0       0x16 ./Drivers/STM32F4xx_HAL_Driver/Src/stm32f4xx_hal_cortex.o
                0x080020c0                HAL_NVIC_SetPriorityGrouping
 .text.HAL_NVIC_SetPriority
                0x080020d6       0x38 ./Drivers/STM32F4xx_HAL_Driver/Src/stm32f4xx_hal_cortex.o
                0x080020d6                HAL_NVIC_SetPriority
 .text.HAL_NVIC_EnableIRQ
                0x0800210e       0x1c ./Drivers/STM32F4xx_HAL_Driver/Src/stm32f4xx_hal_cortex.o
                0x0800210e                HAL_NVIC_EnableIRQ
 .text.HAL_SYSTICK_Config
                0x0800212a       0x18 ./Drivers/STM32F4xx_HAL_Driver/Src/stm32f4xx_hal_cortex.o
                0x0800212a                HAL_SYSTICK_Config
 *fill*         0x08002142        0x2 
 .text.HAL_FLASH_Program
                0x08002144       0xa4 ./Drivers/STM32F4xx_HAL_Driver/Src/stm32f4xx_hal_flash.o
                0x08002144                HAL_FLASH_Program
 .text.HAL_FLASH_Unlock
                0x080021e8       0x44 ./Drivers/STM32F4xx_HAL_Driver/Src/stm32f4xx_hal_flash.o
                0x080021e8                HAL_FLASH_Unlock
 .text.HAL_FLASH_Lock
                0x0800222c       0x20 ./Drivers/STM32F4xx_HAL_Driver/Src/stm32f4xx_hal_flash.o
                0x0800222c                HAL_FLASH_Lock
 .text.FLASH_WaitForLastOperation
                0x0800224c       0x80 ./Drivers/STM32F4xx_HAL_Driver/Src/stm32f4xx_hal_flash.o
                0x0800224c                FLASH_WaitForLastOperation
 .text.FLASH_Program_DoubleWord
                0x080022cc       0x64 ./Drivers/STM32F4xx_HAL_Driver/Src/stm32f4xx_hal_flash.o
 .text.FLASH_Program_Word
                0x08002330       0x44 ./Drivers/STM32F4xx_HAL_Driver/Src/stm32f4xx_hal_flash.o
 .text.FLASH_Program_HalfWord
                0x08002374       0x48 ./Drivers/STM32F4xx_HAL_Driver/Src/stm32f4xx_hal_flash.o
 .text.FLASH_Program_Byte
                0x080023bc       0x44 ./Drivers/STM32F4xx_HAL_Driver/Src/stm32f4xx_hal_flash.o
 .text.FLASH_SetErrorCode
                0x08002400       0xcc ./Drivers/STM32F4xx_HAL_Driver/Src/stm32f4xx_hal_flash.o
 .text.HAL_FLASHEx_Erase
                0x080024cc       0xe0 ./Drivers/STM32F4xx_HAL_Driver/Src/stm32f4xx_hal_flash_ex.o
                0x080024cc                HAL_FLASHEx_Erase
 .text.HAL_FLASHEx_OBGetConfig
                0x080025ac       0x46 ./Drivers/STM32F4xx_HAL_Driver/Src/stm32f4xx_hal_flash_ex.o
                0x080025ac                HAL_FLASHEx_OBGetConfig
 *fill*         0x080025f2        0x2 
 .text.FLASH_MassErase
                0x080025f4       0x74 ./Drivers/STM32F4xx_HAL_Driver/Src/stm32f4xx_hal_flash_ex.o
 .text.FLASH_Erase_Sector
                0x08002668       0x9c ./Drivers/STM32F4xx_HAL_Driver/Src/stm32f4xx_hal_flash_ex.o
                0x08002668                FLASH_Erase_Sector
 .text.FLASH_OB_GetUser
                0x08002704       0x20 ./Drivers/STM32F4xx_HAL_Driver/Src/stm32f4xx_hal_flash_ex.o
 .text.FLASH_OB_GetWRP
                0x08002724       0x18 ./Drivers/STM32F4xx_HAL_Driver/Src/stm32f4xx_hal_flash_ex.o
 .text.FLASH_OB_GetRDP
                0x0800273c       0x40 ./Drivers/STM32F4xx_HAL_Driver/Src/stm32f4xx_hal_flash_ex.o
 .text.FLASH_OB_GetBOR
                0x0800277c       0x20 ./Drivers/STM32F4xx_HAL_Driver/Src/stm32f4xx_hal_flash_ex.o
 .text.FLASH_FlushCaches
                0x0800279c       0x8c ./Drivers/STM32F4xx_HAL_Driver/Src/stm32f4xx_hal_flash_ex.o
                0x0800279c                FLASH_FlushCaches
 .text.HAL_GPIO_Init
                0x08002828      0x358 ./Drivers/STM32F4xx_HAL_Driver/Src/stm32f4xx_hal_gpio.o
                0x08002828                HAL_GPIO_Init
 .text.HAL_PWREx_EnableOverDrive
                0x08002b80       0xa0 ./Drivers/STM32F4xx_HAL_Driver/Src/stm32f4xx_hal_pwr_ex.o
                0x08002b80                HAL_PWREx_EnableOverDrive
 .text.HAL_RCC_OscConfig
                0x08002c20      0x4f0 ./Drivers/STM32F4xx_HAL_Driver/Src/stm32f4xx_hal_rcc.o
                0x08002c20                HAL_RCC_OscConfig
 .text.HAL_RCC_ClockConfig
                0x08003110      0x1cc ./Drivers/STM32F4xx_HAL_Driver/Src/stm32f4xx_hal_rcc.o
                0x08003110                HAL_RCC_ClockConfig
 .text.HAL_RCC_GetSysClockFreq
                0x080032dc      0x18c ./Drivers/STM32F4xx_HAL_Driver/Src/stm32f4xx_hal_rcc.o
                0x080032dc                HAL_RCC_GetSysClockFreq
 .text.HAL_RCC_DeInit
                0x08003468      0x1f0 ./Drivers/STM32F4xx_HAL_Driver/Src/stm32f4xx_hal_rcc_ex.o
                0x08003468                HAL_RCC_DeInit
 .text.memset   0x08003658       0x10 C:/ST/STM32CubeIDE_1.19.0/STM32CubeIDE/plugins/com.st.stm32cube.ide.mcu.externaltools.gnu-tools-for-stm32.13.3.rel1.win32_1.0.0.202411081344/tools/bin/../lib/gcc/arm-none-eabi/13.3.1/../../../../arm-none-eabi/lib/thumb/v7e-m+fp/hard\libc_nano.a(libc_a-memset.o)
                0x08003658                memset
 .text.__libc_init_array
                0x08003668       0x48 C:/ST/STM32CubeIDE_1.19.0/STM32CubeIDE/plugins/com.st.stm32cube.ide.mcu.externaltools.gnu-tools-for-stm32.13.3.rel1.win32_1.0.0.202411081344/tools/bin/../lib/gcc/arm-none-eabi/13.3.1/../../../../arm-none-eabi/lib/thumb/v7e-m+fp/hard\libc_nano.a(libc_a-init.o)
                0x08003668                __libc_init_array
 *(.glue_7)
 .glue_7        0x080036b0        0x0 linker stubs
 *(.glue_7t)
 .glue_7t       0x080036b0        0x0 linker stubs
 *(.eh_frame)
 .eh_frame      0x080036b0        0x0 C:/ST/STM32CubeIDE_1.19.0/STM32CubeIDE/plugins/com.st.stm32cube.ide.mcu.externaltools.gnu-tools-for-stm32.13.3.rel1.win32_1.0.0.202411081344/tools/bin/../lib/gcc/arm-none-eabi/13.3.1/thumb/v7e-m+fp/hard/crtbegin.o
 *(.init)
 .init          0x080036b0        0x4 C:/ST/STM32CubeIDE_1.19.0/STM32CubeIDE/plugins/com.st.stm32cube.ide.mcu.externaltools.gnu-tools-for-stm32.13.3.rel1.win32_1.0.0.202411081344/tools/bin/../lib/gcc/arm-none-eabi/13.3.1/thumb/v7e-m+fp/hard/crti.o
                0x080036b0                _init
 .init          0x080036b4        0x8 C:/ST/STM32CubeIDE_1.19.0/STM32CubeIDE/plugins/com.st.stm32cube.ide.mcu.externaltools.gnu-tools-for-stm32.13.3.rel1.win32_1.0.0.202411081344/tools/bin/../lib/gcc/arm-none-eabi/13.3.1/thumb/v7e-m+fp/hard/crtn.o
 *(.fini)
 .fini          0x080036bc        0x4 C:/ST/STM32CubeIDE_1.19.0/STM32CubeIDE/plugins/com.st.stm32cube.ide.mcu.externaltools.gnu-tools-for-stm32.13.3.rel1.win32_1.0.0.202411081344/tools/bin/../lib/gcc/arm-none-eabi/13.3.1/thumb/v7e-m+fp/hard/crti.o
                0x080036bc                _fini
 .fini          0x080036c0        0x8 C:/ST/STM32CubeIDE_1.19.0/STM32CubeIDE/plugins/com.st.stm32cube.ide.mcu.externaltools.gnu-tools-for-stm32.13.3.rel1.win32_1.0.0.202411081344/tools/bin/../lib/gcc/arm-none-eabi/13.3.1/thumb/v7e-m+fp/hard/crtn.o
                0x080036c8                        . = ALIGN (0x4)
                0x080036c8                        _etext = .

.vfp11_veneer   0x080036c8        0x0
 .vfp11_veneer  0x080036c8        0x0 linker stubs

.v4_bx          0x080036c8        0x0
 .v4_bx         0x080036c8        0x0 linker stubs

.iplt           0x080036c8        0x0
 .iplt          0x080036c8        0x0 C:/ST/STM32CubeIDE_1.19.0/STM32CubeIDE/plugins/com.st.stm32cube.ide.mcu.externaltools.gnu-tools-for-stm32.13.3.rel1.win32_1.0.0.202411081344/tools/bin/../lib/gcc/arm-none-eabi/13.3.1/thumb/v7e-m+fp/hard/crtbegin.o

.rodata         0x080036c8       0x10
                0x080036c8                        . = ALIGN (0x4)
 *(.rodata)
 *(.rodata*)
 .rodata.AHBPrescTable
                0x080036c8       0x10 ./Core/Main/Src/system_stm32f4xx.o
                0x080036c8                AHBPrescTable
                0x080036d8                        . = ALIGN (0x4)

.ARM.extab      0x080036d8        0x0
                0x080036d8                        . = ALIGN (0x4)
 *(.ARM.extab* .gnu.linkonce.armextab.*)
                0x080036d8                        . = ALIGN (0x4)

.ARM            0x080036d8        0x8
                0x080036d8                        . = ALIGN (0x4)
                0x080036d8                        __exidx_start = .
 *(.ARM.exidx*)
 .ARM.exidx     0x080036d8        0x8 C:/ST/STM32CubeIDE_1.19.0/STM32CubeIDE/plugins/com.st.stm32cube.ide.mcu.externaltools.gnu-tools-for-stm32.13.3.rel1.win32_1.0.0.202411081344/tools/bin/../lib/gcc/arm-none-eabi/13.3.1/thumb/v7e-m+fp/hard\libgcc.a(_udivmoddi4.o)
                0x080036e0                        __exidx_end = .
                0x080036e0                        . = ALIGN (0x4)

.preinit_array  0x080036e0        0x0
                0x080036e0                        . = ALIGN (0x4)
                0x080036e0                        PROVIDE (__preinit_array_start = .)
 *(.preinit_array*)
                0x080036e0                        PROVIDE (__preinit_array_end = .)
                0x080036e0                        . = ALIGN (0x4)

.init_array     0x080036e0        0x4
                0x080036e0                        . = ALIGN (0x4)
                0x080036e0                        PROVIDE (__init_array_start = .)
 *(SORT_BY_NAME(.init_array.*))
 *(.init_array*)
 .init_array    0x080036e0        0x4 C:/ST/STM32CubeIDE_1.19.0/STM32CubeIDE/plugins/com.st.stm32cube.ide.mcu.externaltools.gnu-tools-for-stm32.13.3.rel1.win32_1.0.0.202411081344/tools/bin/../lib/gcc/arm-none-eabi/13.3.1/thumb/v7e-m+fp/hard/crtbegin.o
                0x080036e4                        PROVIDE (__init_array_end = .)
                0x080036e4                        . = ALIGN (0x4)

.fini_array     0x080036e4        0x4
                0x080036e4                        . = ALIGN (0x4)
                [!provide]                        PROVIDE (__fini_array_start = .)
 *(SORT_BY_NAME(.fini_array.*))
 *(.fini_array*)
 .fini_array    0x080036e4        0x4 C:/ST/STM32CubeIDE_1.19.0/STM32CubeIDE/plugins/com.st.stm32cube.ide.mcu.externaltools.gnu-tools-for-stm32.13.3.rel1.win32_1.0.0.202411081344/tools/bin/../lib/gcc/arm-none-eabi/13.3.1/thumb/v7e-m+fp/hard/crtbegin.o
                [!provide]                        PROVIDE (__fini_array_end = .)
                0x080036e8                        . = ALIGN (0x4)
                0x080036e8                        _sidata = LOADADDR (.data)

.rel.dyn        0x080036e8        0x0
 .rel.iplt      0x080036e8        0x0 C:/ST/STM32CubeIDE_1.19.0/STM32CubeIDE/plugins/com.st.stm32cube.ide.mcu.externaltools.gnu-tools-for-stm32.13.3.rel1.win32_1.0.0.202411081344/tools/bin/../lib/gcc/arm-none-eabi/13.3.1/thumb/v7e-m+fp/hard/crtbegin.o

.data           0x20000000       0x34 load address 0x080036e8
                0x20000000                        . = ALIGN (0x4)
                0x20000000                        _sdata = .
 *(.data)
 *(.data*)
 .data.currentFlashAddress
                0x20000000        0x4 ./Core/Bootloader/Src/Bootloader.o
                0x20000000                currentFlashAddress
 .data.VersionNumber1
                0x20000004        0x1 ./Core/CAN/Src/CAN_Messages.o
                0x20000004                VersionNumber1
 *fill*         0x20000005        0x3 
 .data.SystemCoreClock
                0x20000008        0x4 ./Core/Main/Src/system_stm32f4xx.o
                0x20000008                SystemCoreClock
 .data.uwTickPrio
                0x2000000c        0x4 ./Drivers/STM32F4xx_HAL_Driver/Src/stm32f4xx_hal.o
                0x2000000c                uwTickPrio
 .data.uwTickFreq
                0x20000010        0x1 ./Drivers/STM32F4xx_HAL_Driver/Src/stm32f4xx_hal.o
                0x20000010                uwTickFreq
 *fill*         0x20000011        0x3 
 .data.pFlash   0x20000014       0x20 ./Drivers/STM32F4xx_HAL_Driver/Src/stm32f4xx_hal_flash.o
                0x20000014                pFlash
 *(.RamFunc)
 *(.RamFunc*)
                0x20000034                        . = ALIGN (0x4)
                0x20000034                        _edata = .
                0x0800371c                        _siccmram = LOADADDR (.ccmram)

.igot.plt       0x20000034        0x0 load address 0x0800371c
 .igot.plt      0x20000034        0x0 C:/ST/STM32CubeIDE_1.19.0/STM32CubeIDE/plugins/com.st.stm32cube.ide.mcu.externaltools.gnu-tools-for-stm32.13.3.rel1.win32_1.0.0.202411081344/tools/bin/../lib/gcc/arm-none-eabi/13.3.1/thumb/v7e-m+fp/hard/crtbegin.o

.ccmram         0x10000000        0x0 load address 0x0800371c
                0x10000000                        . = ALIGN (0x4)
                0x10000000                        _sccmram = .
 *(.ccmram)
 *(.ccmram*)
                0x10000000                        . = ALIGN (0x4)
                0x10000000                        _eccmram = .
                0x10000000                        . = ALIGN (0x4)

.bss            0x20000034      0x1b0
                0x20000034                        _sbss = .
                0x20000034                        __bss_start__ = _sbss
 *(.bss)
 .bss           0x20000034       0x1c C:/ST/STM32CubeIDE_1.19.0/STM32CubeIDE/plugins/com.st.stm32cube.ide.mcu.externaltools.gnu-tools-for-stm32.13.3.rel1.win32_1.0.0.202411081344/tools/bin/../lib/gcc/arm-none-eabi/13.3.1/thumb/v7e-m+fp/hard/crtbegin.o
 *(.bss*)
 .bss.pageBuffer
                0x20000050      0x100 ./Core/Bootloader/Src/Bootloader.o
                0x20000050                pageBuffer
 .bss.bufferIndex
                0x20000150        0x2 ./Core/Bootloader/Src/Bootloader.o
                0x20000150                bufferIndex
 *fill*         0x20000152        0x2 
 .bss.totalReceived
                0x20000154        0x4 ./Core/Bootloader/Src/Bootloader.o
                0x20000154                totalReceived
 .bss.ExpectedFileSize
                0x20000158        0x4 ./Core/Bootloader/Src/Bootloader.o
                0x20000158                ExpectedFileSize
 .bss.ExpectedFileCRC
                0x2000015c        0x1 ./Core/Bootloader/Src/Bootloader.o
                0x2000015c                ExpectedFileCRC
 .bss.JumpToAppFlag
                0x2000015d        0x1 ./Core/Bootloader/Src/Bootloader.o
                0x2000015d                JumpToAppFlag
 .bss.ReceipedHeaderFile
                0x2000015e        0x1 ./Core/Bootloader/Src/Bootloader.o
                0x2000015e                ReceipedHeaderFile
 *fill*         0x2000015f        0x1 
 .bss.CAN2TxHeader
                0x20000160       0x18 ./Core/CAN/Src/CAN_Messages.o
                0x20000160                CAN2TxHeader
 .bss.CAN2TxData
                0x20000178        0x8 ./Core/CAN/Src/CAN_Messages.o
                0x20000178                CAN2TxData
 .bss.CAN2RxData
                0x20000180        0x8 ./Core/CAN/Src/CAN_Messages.o
                0x20000180                CAN2RxData
 .bss.CAN2Mailbox
                0x20000188        0x4 ./Core/CAN/Src/CAN_Messages.o
                0x20000188                CAN2Mailbox
 .bss.SendInformation
                0x2000018c        0x1 ./Core/CAN/Src/CAN_Messages.o
                0x2000018c                SendInformation
 .bss.VersionNumber2
                0x2000018d        0x1 ./Core/CAN/Src/CAN_Messages.o
                0x2000018d                VersionNumber2
 .bss.VersionNumber3
                0x2000018e        0x1 ./Core/CAN/Src/CAN_Messages.o
                0x2000018e                VersionNumber3
 *fill*         0x2000018f        0x1 
 .bss.hcan2     0x20000190       0x28 ./Core/CAN/Src/CAN_Messages.o
                0x20000190                hcan2
 .bss.EnterBootloader
                0x200001b8        0x1 ./Core/Main/Src/main.o
                0x200001b8                EnterBootloader
 *fill*         0x200001b9        0x3 
 .bss.Timeout   0x200001bc        0x4 ./Core/Main/Src/main.o
                0x200001bc                Timeout
 .bss.UpdateApp
                0x200001c0        0x1 ./Core/Main/Src/main.o
                0x200001c0                UpdateApp
 *fill*         0x200001c1        0x3 
 .bss.CAN2RxHeader
                0x200001c4       0x1c ./Core/Main/Src/stm32f4xx_it.o
                0x200001c4                CAN2RxHeader
 .bss.uwTick    0x200001e0        0x4 ./Drivers/STM32F4xx_HAL_Driver/Src/stm32f4xx_hal.o
                0x200001e0                uwTick
 *(COMMON)
                0x200001e4                        . = ALIGN (0x4)
                0x200001e4                        _ebss = .
                0x200001e4                        __bss_end__ = _ebss

._user_heap_stack
                0x200001e4      0x604
                0x200001e8                        . = ALIGN (0x8)
 *fill*         0x200001e4        0x4 
                [!provide]                        PROVIDE (end = .)
                0x200001e8                        PROVIDE (_end = .)
                0x200003e8                        . = (. + _Min_Heap_Size)
 *fill*         0x200001e8      0x200 
                0x200007e8                        . = (. + _Min_Stack_Size)
 *fill*         0x200003e8      0x400 
                0x200007e8                        . = ALIGN (0x8)

/DISCARD/
 libc.a(*)
 libm.a(*)
 libgcc.a(*)

.ARM.attributes
                0x00000000       0x30
 *(.ARM.attributes)
 .ARM.attributes
                0x00000000       0x22 C:/ST/STM32CubeIDE_1.19.0/STM32CubeIDE/plugins/com.st.stm32cube.ide.mcu.externaltools.gnu-tools-for-stm32.13.3.rel1.win32_1.0.0.202411081344/tools/bin/../lib/gcc/arm-none-eabi/13.3.1/thumb/v7e-m+fp/hard/crti.o
 .ARM.attributes
                0x00000022       0x34 C:/ST/STM32CubeIDE_1.19.0/STM32CubeIDE/plugins/com.st.stm32cube.ide.mcu.externaltools.gnu-tools-for-stm32.13.3.rel1.win32_1.0.0.202411081344/tools/bin/../lib/gcc/arm-none-eabi/13.3.1/thumb/v7e-m+fp/hard/crtbegin.o
 .ARM.attributes
                0x00000056       0x34 ./Core/Bootloader/Src/Bootloader.o
 .ARM.attributes
                0x0000008a       0x34 ./Core/CAN/Src/CAN_Messages.o
 .ARM.attributes
                0x000000be       0x34 ./Core/Main/Src/main.o
 .ARM.attributes
                0x000000f2       0x34 ./Core/Main/Src/stm32f4xx_hal_msp.o
 .ARM.attributes
                0x00000126       0x34 ./Core/Main/Src/stm32f4xx_it.o
 .ARM.attributes
                0x0000015a       0x34 ./Core/Main/Src/system_stm32f4xx.o
 .ARM.attributes
                0x0000018e       0x21 ./Core/Startup/startup_stm32f429zitx.o
 .ARM.attributes
                0x000001af       0x34 ./Drivers/STM32F4xx_HAL_Driver/Src/stm32f4xx_hal.o
 .ARM.attributes
                0x000001e3       0x34 ./Drivers/STM32F4xx_HAL_Driver/Src/stm32f4xx_hal_can.o
 .ARM.attributes
                0x00000217       0x34 ./Drivers/STM32F4xx_HAL_Driver/Src/stm32f4xx_hal_cortex.o
 .ARM.attributes
                0x0000024b       0x34 ./Drivers/STM32F4xx_HAL_Driver/Src/stm32f4xx_hal_flash.o
 .ARM.attributes
                0x0000027f       0x34 ./Drivers/STM32F4xx_HAL_Driver/Src/stm32f4xx_hal_flash_ex.o
 .ARM.attributes
                0x000002b3       0x34 ./Drivers/STM32F4xx_HAL_Driver/Src/stm32f4xx_hal_gpio.o
 .ARM.attributes
                0x000002e7       0x34 ./Drivers/STM32F4xx_HAL_Driver/Src/stm32f4xx_hal_pwr_ex.o
 .ARM.attributes
                0x0000031b       0x34 ./Drivers/STM32F4xx_HAL_Driver/Src/stm32f4xx_hal_rcc.o
 .ARM.attributes
                0x0000034f       0x34 ./Drivers/STM32F4xx_HAL_Driver/Src/stm32f4xx_hal_rcc_ex.o
 .ARM.attributes
                0x00000383       0x34 C:/ST/STM32CubeIDE_1.19.0/STM32CubeIDE/plugins/com.st.stm32cube.ide.mcu.externaltools.gnu-tools-for-stm32.13.3.rel1.win32_1.0.0.202411081344/tools/bin/../lib/gcc/arm-none-eabi/13.3.1/../../../../arm-none-eabi/lib/thumb/v7e-m+fp/hard\libc_nano.a(libc_a-memset.o)
 .ARM.attributes
                0x000003b7       0x34 C:/ST/STM32CubeIDE_1.19.0/STM32CubeIDE/plugins/com.st.stm32cube.ide.mcu.externaltools.gnu-tools-for-stm32.13.3.rel1.win32_1.0.0.202411081344/tools/bin/../lib/gcc/arm-none-eabi/13.3.1/../../../../arm-none-eabi/lib/thumb/v7e-m+fp/hard\libc_nano.a(libc_a-init.o)
 .ARM.attributes
                0x000003eb       0x22 C:/ST/STM32CubeIDE_1.19.0/STM32CubeIDE/plugins/com.st.stm32cube.ide.mcu.externaltools.gnu-tools-for-stm32.13.3.rel1.win32_1.0.0.202411081344/tools/bin/../lib/gcc/arm-none-eabi/13.3.1/thumb/v7e-m+fp/hard\libgcc.a(_aeabi_uldivmod.o)
 .ARM.attributes
                0x0000040d       0x34 C:/ST/STM32CubeIDE_1.19.0/STM32CubeIDE/plugins/com.st.stm32cube.ide.mcu.externaltools.gnu-tools-for-stm32.13.3.rel1.win32_1.0.0.202411081344/tools/bin/../lib/gcc/arm-none-eabi/13.3.1/thumb/v7e-m+fp/hard\libgcc.a(_udivmoddi4.o)
 .ARM.attributes
                0x00000441       0x22 C:/ST/STM32CubeIDE_1.19.0/STM32CubeIDE/plugins/com.st.stm32cube.ide.mcu.externaltools.gnu-tools-for-stm32.13.3.rel1.win32_1.0.0.202411081344/tools/bin/../lib/gcc/arm-none-eabi/13.3.1/thumb/v7e-m+fp/hard\libgcc.a(_dvmd_tls.o)
 .ARM.attributes
                0x00000463       0x22 C:/ST/STM32CubeIDE_1.19.0/STM32CubeIDE/plugins/com.st.stm32cube.ide.mcu.externaltools.gnu-tools-for-stm32.13.3.rel1.win32_1.0.0.202411081344/tools/bin/../lib/gcc/arm-none-eabi/13.3.1/thumb/v7e-m+fp/hard/crtn.o
OUTPUT(STM32F429ZIT6_Bootloader_Firmware.elf elf32-littlearm)
LOAD linker stubs
LOAD C:/ST/STM32CubeIDE_1.19.0/STM32CubeIDE/plugins/com.st.stm32cube.ide.mcu.externaltools.gnu-tools-for-stm32.13.3.rel1.win32_1.0.0.202411081344/tools/bin/../lib/gcc/arm-none-eabi/13.3.1/../../../../arm-none-eabi/lib/thumb/v7e-m+fp/hard\libc.a
LOAD C:/ST/STM32CubeIDE_1.19.0/STM32CubeIDE/plugins/com.st.stm32cube.ide.mcu.externaltools.gnu-tools-for-stm32.13.3.rel1.win32_1.0.0.202411081344/tools/bin/../lib/gcc/arm-none-eabi/13.3.1/../../../../arm-none-eabi/lib/thumb/v7e-m+fp/hard\libm.a
LOAD C:/ST/STM32CubeIDE_1.19.0/STM32CubeIDE/plugins/com.st.stm32cube.ide.mcu.externaltools.gnu-tools-for-stm32.13.3.rel1.win32_1.0.0.202411081344/tools/bin/../lib/gcc/arm-none-eabi/13.3.1/thumb/v7e-m+fp/hard\libgcc.a

.debug_info     0x00000000     0x87b3
 .debug_info    0x00000000      0x835 ./Core/Bootloader/Src/Bootloader.o
 .debug_info    0x00000835      0x828 ./Core/CAN/Src/CAN_Messages.o
 .debug_info    0x0000105d      0xf18 ./Core/Main/Src/main.o
 .debug_info    0x00001f75      0xaf3 ./Core/Main/Src/stm32f4xx_hal_msp.o
 .debug_info    0x00002a68      0x664 ./Core/Main/Src/stm32f4xx_it.o
 .debug_info    0x000030cc      0x52e ./Core/Main/Src/system_stm32f4xx.o
 .debug_info    0x000035fa       0x30 ./Core/Startup/startup_stm32f429zitx.o
 .debug_info    0x0000362a      0x9ba ./Drivers/STM32F4xx_HAL_Driver/Src/stm32f4xx_hal.o
 .debug_info    0x00003fe4      0xf43 ./Drivers/STM32F4xx_HAL_Driver/Src/stm32f4xx_hal_can.o
 .debug_info    0x00004f27      0xdc2 ./Drivers/STM32F4xx_HAL_Driver/Src/stm32f4xx_hal_cortex.o
 .debug_info    0x00005ce9      0x57d ./Drivers/STM32F4xx_HAL_Driver/Src/stm32f4xx_hal_flash.o
 .debug_info    0x00006266      0x88d ./Drivers/STM32F4xx_HAL_Driver/Src/stm32f4xx_hal_flash_ex.o
 .debug_info    0x00006af3      0x6db ./Drivers/STM32F4xx_HAL_Driver/Src/stm32f4xx_hal_gpio.o
 .debug_info    0x000071ce      0x6be ./Drivers/STM32F4xx_HAL_Driver/Src/stm32f4xx_hal_pwr_ex.o
 .debug_info    0x0000788c      0x8db ./Drivers/STM32F4xx_HAL_Driver/Src/stm32f4xx_hal_rcc.o
 .debug_info    0x00008167      0x64c ./Drivers/STM32F4xx_HAL_Driver/Src/stm32f4xx_hal_rcc_ex.o

.debug_abbrev   0x00000000     0x2142
 .debug_abbrev  0x00000000      0x272 ./Core/Bootloader/Src/Bootloader.o
 .debug_abbrev  0x00000272      0x23d ./Core/CAN/Src/CAN_Messages.o
 .debug_abbrev  0x000004af      0x30b ./Core/Main/Src/main.o
 .debug_abbrev  0x000007ba      0x1d3 ./Core/Main/Src/stm32f4xx_hal_msp.o
 .debug_abbrev  0x0000098d      0x1cf ./Core/Main/Src/stm32f4xx_it.o
 .debug_abbrev  0x00000b5c      0x11a ./Core/Main/Src/system_stm32f4xx.o
 .debug_abbrev  0x00000c76       0x24 ./Core/Startup/startup_stm32f429zitx.o
 .debug_abbrev  0x00000c9a      0x214 ./Drivers/STM32F4xx_HAL_Driver/Src/stm32f4xx_hal.o
 .debug_abbrev  0x00000eae      0x25a ./Drivers/STM32F4xx_HAL_Driver/Src/stm32f4xx_hal_can.o
 .debug_abbrev  0x00001108      0x31d ./Drivers/STM32F4xx_HAL_Driver/Src/stm32f4xx_hal_cortex.o
 .debug_abbrev  0x00001425      0x28c ./Drivers/STM32F4xx_HAL_Driver/Src/stm32f4xx_hal_flash.o
 .debug_abbrev  0x000016b1      0x287 ./Drivers/STM32F4xx_HAL_Driver/Src/stm32f4xx_hal_flash_ex.o
 .debug_abbrev  0x00001938      0x1d4 ./Drivers/STM32F4xx_HAL_Driver/Src/stm32f4xx_hal_gpio.o
 .debug_abbrev  0x00001b0c      0x1cf ./Drivers/STM32F4xx_HAL_Driver/Src/stm32f4xx_hal_pwr_ex.o
 .debug_abbrev  0x00001cdb      0x2b7 ./Drivers/STM32F4xx_HAL_Driver/Src/stm32f4xx_hal_rcc.o
 .debug_abbrev  0x00001f92      0x1b0 ./Drivers/STM32F4xx_HAL_Driver/Src/stm32f4xx_hal_rcc_ex.o

.debug_aranges  0x00000000      0x850
 .debug_aranges
                0x00000000       0x38 ./Core/Bootloader/Src/Bootloader.o
 .debug_aranges
                0x00000038       0x48 ./Core/CAN/Src/CAN_Messages.o
 .debug_aranges
                0x00000080       0x58 ./Core/Main/Src/main.o
 .debug_aranges
                0x000000d8       0x30 ./Core/Main/Src/stm32f4xx_hal_msp.o
 .debug_aranges
                0x00000108       0x80 ./Core/Main/Src/stm32f4xx_it.o
 .debug_aranges
                0x00000188       0x28 ./Core/Main/Src/system_stm32f4xx.o
 .debug_aranges
                0x000001b0       0x28 ./Core/Startup/startup_stm32f429zitx.o
 .debug_aranges
                0x000001d8      0x100 ./Drivers/STM32F4xx_HAL_Driver/Src/stm32f4xx_hal.o
 .debug_aranges
                0x000002d8      0x138 ./Drivers/STM32F4xx_HAL_Driver/Src/stm32f4xx_hal_can.o
 .debug_aranges
                0x00000410      0x130 ./Drivers/STM32F4xx_HAL_Driver/Src/stm32f4xx_hal_cortex.o
 .debug_aranges
                0x00000540       0xa0 ./Drivers/STM32F4xx_HAL_Driver/Src/stm32f4xx_hal_flash.o
 .debug_aranges
                0x000005e0       0xd8 ./Drivers/STM32F4xx_HAL_Driver/Src/stm32f4xx_hal_flash_ex.o
 .debug_aranges
                0x000006b8       0x58 ./Drivers/STM32F4xx_HAL_Driver/Src/stm32f4xx_hal_gpio.o
 .debug_aranges
                0x00000710       0x60 ./Drivers/STM32F4xx_HAL_Driver/Src/stm32f4xx_hal_pwr_ex.o
 .debug_aranges
                0x00000770       0x88 ./Drivers/STM32F4xx_HAL_Driver/Src/stm32f4xx_hal_rcc.o
 .debug_aranges
                0x000007f8       0x58 ./Drivers/STM32F4xx_HAL_Driver/Src/stm32f4xx_hal_rcc_ex.o

.debug_rnglists
                0x00000000      0x61d
 .debug_rnglists
                0x00000000       0x27 ./Core/Bootloader/Src/Bootloader.o
 .debug_rnglists
                0x00000027       0x33 ./Core/CAN/Src/CAN_Messages.o
 .debug_rnglists
                0x0000005a       0x3f ./Core/Main/Src/main.o
 .debug_rnglists
                0x00000099       0x20 ./Core/Main/Src/stm32f4xx_hal_msp.o
 .debug_rnglists
                0x000000b9       0x5b ./Core/Main/Src/stm32f4xx_it.o
 .debug_rnglists
                0x00000114       0x1a ./Core/Main/Src/system_stm32f4xx.o
 .debug_rnglists
                0x0000012e       0x19 ./Core/Startup/startup_stm32f429zitx.o
 .debug_rnglists
                0x00000147       0xbb ./Drivers/STM32F4xx_HAL_Driver/Src/stm32f4xx_hal.o
 .debug_rnglists
                0x00000202       0xee ./Drivers/STM32F4xx_HAL_Driver/Src/stm32f4xx_hal_can.o
 .debug_rnglists
                0x000002f0       0xe0 ./Drivers/STM32F4xx_HAL_Driver/Src/stm32f4xx_hal_cortex.o
 .debug_rnglists
                0x000003d0       0x78 ./Drivers/STM32F4xx_HAL_Driver/Src/stm32f4xx_hal_flash.o
 .debug_rnglists
                0x00000448       0xa6 ./Drivers/STM32F4xx_HAL_Driver/Src/stm32f4xx_hal_flash_ex.o
 .debug_rnglists
                0x000004ee       0x3f ./Drivers/STM32F4xx_HAL_Driver/Src/stm32f4xx_hal_gpio.o
 .debug_rnglists
                0x0000052d       0x47 ./Drivers/STM32F4xx_HAL_Driver/Src/stm32f4xx_hal_pwr_ex.o
 .debug_rnglists
                0x00000574       0x66 ./Drivers/STM32F4xx_HAL_Driver/Src/stm32f4xx_hal_rcc.o
 .debug_rnglists
                0x000005da       0x43 ./Drivers/STM32F4xx_HAL_Driver/Src/stm32f4xx_hal_rcc_ex.o

.debug_macro    0x00000000    0x226cb
 .debug_macro   0x00000000      0x1d6 ./Core/Bootloader/Src/Bootloader.o
 .debug_macro   0x000001d6      0xad8 ./Core/Bootloader/Src/Bootloader.o
 .debug_macro   0x00000cae       0x28 ./Core/Bootloader/Src/Bootloader.o
 .debug_macro   0x00000cd6       0x22 ./Core/Bootloader/Src/Bootloader.o
 .debug_macro   0x00000cf8       0x8e ./Core/Bootloader/Src/Bootloader.o
 .debug_macro   0x00000d86       0x51 ./Core/Bootloader/Src/Bootloader.o
 .debug_macro   0x00000dd7      0x103 ./Core/Bootloader/Src/Bootloader.o
 .debug_macro   0x00000eda       0x6a ./Core/Bootloader/Src/Bootloader.o
 .debug_macro   0x00000f44      0x1df ./Core/Bootloader/Src/Bootloader.o
 .debug_macro   0x00001123       0x1c ./Core/Bootloader/Src/Bootloader.o
 .debug_macro   0x0000113f       0x22 ./Core/Bootloader/Src/Bootloader.o
 .debug_macro   0x00001161       0xfb ./Core/Bootloader/Src/Bootloader.o
 .debug_macro   0x0000125c     0x1011 ./Core/Bootloader/Src/Bootloader.o
 .debug_macro   0x0000226d      0x11f ./Core/Bootloader/Src/Bootloader.o
 .debug_macro   0x0000238c    0x17ff1 ./Core/Bootloader/Src/Bootloader.o
 .debug_macro   0x0001a37d       0x22 ./Core/Bootloader/Src/Bootloader.o
 .debug_macro   0x0001a39f       0x10 ./Core/Bootloader/Src/Bootloader.o
 .debug_macro   0x0001a3af      0x295 ./Core/Bootloader/Src/Bootloader.o
 .debug_macro   0x0001a644       0x2e ./Core/Bootloader/Src/Bootloader.o
 .debug_macro   0x0001a672       0x6d ./Core/Bootloader/Src/Bootloader.o
 .debug_macro   0x0001a6df     0x370a ./Core/Bootloader/Src/Bootloader.o
 .debug_macro   0x0001dde9      0x190 ./Core/Bootloader/Src/Bootloader.o
 .debug_macro   0x0001df79       0x5c ./Core/Bootloader/Src/Bootloader.o
 .debug_macro   0x0001dfd5      0xcba ./Core/Bootloader/Src/Bootloader.o
 .debug_macro   0x0001ec8f      0x9e9 ./Core/Bootloader/Src/Bootloader.o
 .debug_macro   0x0001f678      0x115 ./Core/Bootloader/Src/Bootloader.o
 .debug_macro   0x0001f78d      0x156 ./Core/Bootloader/Src/Bootloader.o
 .debug_macro   0x0001f8e3       0xa5 ./Core/Bootloader/Src/Bootloader.o
 .debug_macro   0x0001f988      0x182 ./Core/Bootloader/Src/Bootloader.o
 .debug_macro   0x0001fb0a      0x287 ./Core/Bootloader/Src/Bootloader.o
 .debug_macro   0x0001fd91       0x5f ./Core/Bootloader/Src/Bootloader.o
 .debug_macro   0x0001fdf0      0x236 ./Core/Bootloader/Src/Bootloader.o
 .debug_macro   0x00020026      0x40f ./Core/Bootloader/Src/Bootloader.o
 .debug_macro   0x00020435      0x132 ./Core/Bootloader/Src/Bootloader.o
 .debug_macro   0x00020567      0x41d ./Core/Bootloader/Src/Bootloader.o
 .debug_macro   0x00020984       0x2e ./Core/Bootloader/Src/Bootloader.o
 .debug_macro   0x000209b2      0x127 ./Core/Bootloader/Src/Bootloader.o
 .debug_macro   0x00020ad9       0xe2 ./Core/Bootloader/Src/Bootloader.o
 .debug_macro   0x00020bbb       0x89 ./Core/Bootloader/Src/Bootloader.o
 .debug_macro   0x00020c44      0x134 ./Core/Bootloader/Src/Bootloader.o
 .debug_macro   0x00020d78      0x1d0 ./Core/CAN/Src/CAN_Messages.o
 .debug_macro   0x00020f48      0x1de ./Core/Main/Src/main.o
 .debug_macro   0x00021126      0x1cd ./Core/Main/Src/stm32f4xx_hal_msp.o
 .debug_macro   0x000212f3      0x1d7 ./Core/Main/Src/stm32f4xx_it.o
 .debug_macro   0x000214ca      0x1ba ./Core/Main/Src/system_stm32f4xx.o
 .debug_macro   0x00021684      0x21a ./Drivers/STM32F4xx_HAL_Driver/Src/stm32f4xx_hal.o
 .debug_macro   0x0002189e      0x1c9 ./Drivers/STM32F4xx_HAL_Driver/Src/stm32f4xx_hal_can.o
 .debug_macro   0x00021a67      0x1ba ./Drivers/STM32F4xx_HAL_Driver/Src/stm32f4xx_hal_cortex.o
 .debug_macro   0x00021c21      0x1c0 ./Drivers/STM32F4xx_HAL_Driver/Src/stm32f4xx_hal_flash.o
 .debug_macro   0x00021de1      0x1c0 ./Drivers/STM32F4xx_HAL_Driver/Src/stm32f4xx_hal_flash_ex.o
 .debug_macro   0x00021fa1      0x1c0 ./Drivers/STM32F4xx_HAL_Driver/Src/stm32f4xx_hal_gpio.o
 .debug_macro   0x00022161      0x1d2 ./Drivers/STM32F4xx_HAL_Driver/Src/stm32f4xx_hal_pwr_ex.o
 .debug_macro   0x00022333      0x1de ./Drivers/STM32F4xx_HAL_Driver/Src/stm32f4xx_hal_rcc.o
 .debug_macro   0x00022511      0x1ba ./Drivers/STM32F4xx_HAL_Driver/Src/stm32f4xx_hal_rcc_ex.o

.debug_line     0x00000000     0xa8ad
 .debug_line    0x00000000      0x9b8 ./Core/Bootloader/Src/Bootloader.o
 .debug_line    0x000009b8      0x972 ./Core/CAN/Src/CAN_Messages.o
 .debug_line    0x0000132a      0x9f7 ./Core/Main/Src/main.o
 .debug_line    0x00001d21      0x7cb ./Core/Main/Src/stm32f4xx_hal_msp.o
 .debug_line    0x000024ec      0x88c ./Core/Main/Src/stm32f4xx_it.o
 .debug_line    0x00002d78      0x7d9 ./Core/Main/Src/system_stm32f4xx.o
 .debug_line    0x00003551       0x7a ./Core/Startup/startup_stm32f429zitx.o
 .debug_line    0x000035cb      0xa86 ./Drivers/STM32F4xx_HAL_Driver/Src/stm32f4xx_hal.o
 .debug_line    0x00004051     0x120f ./Drivers/STM32F4xx_HAL_Driver/Src/stm32f4xx_hal_can.o
 .debug_line    0x00005260      0xd20 ./Drivers/STM32F4xx_HAL_Driver/Src/stm32f4xx_hal_cortex.o
 .debug_line    0x00005f80      0xb03 ./Drivers/STM32F4xx_HAL_Driver/Src/stm32f4xx_hal_flash.o
 .debug_line    0x00006a83      0xd98 ./Drivers/STM32F4xx_HAL_Driver/Src/stm32f4xx_hal_flash_ex.o
 .debug_line    0x0000781b      0xbd0 ./Drivers/STM32F4xx_HAL_Driver/Src/stm32f4xx_hal_gpio.o
 .debug_line    0x000083eb      0x9bd ./Drivers/STM32F4xx_HAL_Driver/Src/stm32f4xx_hal_pwr_ex.o
 .debug_line    0x00008da8      0xe5d ./Drivers/STM32F4xx_HAL_Driver/Src/stm32f4xx_hal_rcc.o
 .debug_line    0x00009c05      0xca8 ./Drivers/STM32F4xx_HAL_Driver/Src/stm32f4xx_hal_rcc_ex.o

.debug_str      0x00000000    0xced38
 .debug_str     0x00000000    0xced38 ./Core/Bootloader/Src/Bootloader.o
                              0xcc65c (size before relaxing)
 .debug_str     0x000ced38    0xcc72a ./Core/CAN/Src/CAN_Messages.o
 .debug_str     0x000ced38    0xcc8ef ./Core/Main/Src/main.o
 .debug_str     0x000ced38    0xccab8 ./Core/Main/Src/stm32f4xx_hal_msp.o
 .debug_str     0x000ced38    0xcc539 ./Core/Main/Src/stm32f4xx_it.o
 .debug_str     0x000ced38    0xcc26d ./Core/Main/Src/system_stm32f4xx.o
 .debug_str     0x000ced38       0x92 ./Core/Startup/startup_stm32f429zitx.o
 .debug_str     0x000ced38    0xcce8b ./Drivers/STM32F4xx_HAL_Driver/Src/stm32f4xx_hal.o
 .debug_str     0x000ced38    0xcc94f ./Drivers/STM32F4xx_HAL_Driver/Src/stm32f4xx_hal_can.o
 .debug_str     0x000ced38    0xccbb9 ./Drivers/STM32F4xx_HAL_Driver/Src/stm32f4xx_hal_cortex.o
 .debug_str     0x000ced38    0xcc445 ./Drivers/STM32F4xx_HAL_Driver/Src/stm32f4xx_hal_flash.o
 .debug_str     0x000ced38    0xcc5cc ./Drivers/STM32F4xx_HAL_Driver/Src/stm32f4xx_hal_flash_ex.o
 .debug_str     0x000ced38    0xcc3e3 ./Drivers/STM32F4xx_HAL_Driver/Src/stm32f4xx_hal_gpio.o
 .debug_str     0x000ced38    0xcc440 ./Drivers/STM32F4xx_HAL_Driver/Src/stm32f4xx_hal_pwr_ex.o
 .debug_str     0x000ced38    0xcc69c ./Drivers/STM32F4xx_HAL_Driver/Src/stm32f4xx_hal_rcc.o
 .debug_str     0x000ced38    0xcc463 ./Drivers/STM32F4xx_HAL_Driver/Src/stm32f4xx_hal_rcc_ex.o

.comment        0x00000000       0x43
 .comment       0x00000000       0x43 ./Core/Bootloader/Src/Bootloader.o
                                 0x44 (size before relaxing)
 .comment       0x00000043       0x44 ./Core/CAN/Src/CAN_Messages.o
 .comment       0x00000043       0x44 ./Core/Main/Src/main.o
 .comment       0x00000043       0x44 ./Core/Main/Src/stm32f4xx_hal_msp.o
 .comment       0x00000043       0x44 ./Core/Main/Src/stm32f4xx_it.o
 .comment       0x00000043       0x44 ./Core/Main/Src/system_stm32f4xx.o
 .comment       0x00000043       0x44 ./Drivers/STM32F4xx_HAL_Driver/Src/stm32f4xx_hal.o
 .comment       0x00000043       0x44 ./Drivers/STM32F4xx_HAL_Driver/Src/stm32f4xx_hal_can.o
 .comment       0x00000043       0x44 ./Drivers/STM32F4xx_HAL_Driver/Src/stm32f4xx_hal_cortex.o
 .comment       0x00000043       0x44 ./Drivers/STM32F4xx_HAL_Driver/Src/stm32f4xx_hal_flash.o
 .comment       0x00000043       0x44 ./Drivers/STM32F4xx_HAL_Driver/Src/stm32f4xx_hal_flash_ex.o
 .comment       0x00000043       0x44 ./Drivers/STM32F4xx_HAL_Driver/Src/stm32f4xx_hal_gpio.o
 .comment       0x00000043       0x44 ./Drivers/STM32F4xx_HAL_Driver/Src/stm32f4xx_hal_pwr_ex.o
 .comment       0x00000043       0x44 ./Drivers/STM32F4xx_HAL_Driver/Src/stm32f4xx_hal_rcc.o
 .comment       0x00000043       0x44 ./Drivers/STM32F4xx_HAL_Driver/Src/stm32f4xx_hal_rcc_ex.o

.debug_frame    0x00000000     0x1fa4
 .debug_frame   0x00000000       0xac ./Core/Bootloader/Src/Bootloader.o
 .debug_frame   0x000000ac       0xd8 ./Core/CAN/Src/CAN_Messages.o
 .debug_frame   0x00000184      0x118 ./Core/Main/Src/main.o
 .debug_frame   0x0000029c       0x80 ./Core/Main/Src/stm32f4xx_hal_msp.o
 .debug_frame   0x0000031c      0x174 ./Core/Main/Src/stm32f4xx_it.o
 .debug_frame   0x00000490       0x58 ./Core/Main/Src/system_stm32f4xx.o
 .debug_frame   0x000004e8      0x3b4 ./Drivers/STM32F4xx_HAL_Driver/Src/stm32f4xx_hal.o
 .debug_frame   0x0000089c      0x5a0 ./Drivers/STM32F4xx_HAL_Driver/Src/stm32f4xx_hal_can.o
 .debug_frame   0x00000e3c      0x508 ./Drivers/STM32F4xx_HAL_Driver/Src/stm32f4xx_hal_cortex.o
 .debug_frame   0x00001344      0x274 ./Drivers/STM32F4xx_HAL_Driver/Src/stm32f4xx_hal_flash.o
 .debug_frame   0x000015b8      0x378 ./Drivers/STM32F4xx_HAL_Driver/Src/stm32f4xx_hal_flash_ex.o
 .debug_frame   0x00001930      0x14c ./Drivers/STM32F4xx_HAL_Driver/Src/stm32f4xx_hal_gpio.o
 .debug_frame   0x00001a7c      0x14c ./Drivers/STM32F4xx_HAL_Driver/Src/stm32f4xx_hal_pwr_ex.o
 .debug_frame   0x00001bc8      0x1f4 ./Drivers/STM32F4xx_HAL_Driver/Src/stm32f4xx_hal_rcc.o
 .debug_frame   0x00001dbc      0x13c ./Drivers/STM32F4xx_HAL_Driver/Src/stm32f4xx_hal_rcc_ex.o
 .debug_frame   0x00001ef8       0x20 C:/ST/STM32CubeIDE_1.19.0/STM32CubeIDE/plugins/com.st.stm32cube.ide.mcu.externaltools.gnu-tools-for-stm32.13.3.rel1.win32_1.0.0.202411081344/tools/bin/../lib/gcc/arm-none-eabi/13.3.1/../../../../arm-none-eabi/lib/thumb/v7e-m+fp/hard\libc_nano.a(libc_a-memset.o)
 .debug_frame   0x00001f18       0x2c C:/ST/STM32CubeIDE_1.19.0/STM32CubeIDE/plugins/com.st.stm32cube.ide.mcu.externaltools.gnu-tools-for-stm32.13.3.rel1.win32_1.0.0.202411081344/tools/bin/../lib/gcc/arm-none-eabi/13.3.1/../../../../arm-none-eabi/lib/thumb/v7e-m+fp/hard\libc_nano.a(libc_a-init.o)
 .debug_frame   0x00001f44       0x2c C:/ST/STM32CubeIDE_1.19.0/STM32CubeIDE/plugins/com.st.stm32cube.ide.mcu.externaltools.gnu-tools-for-stm32.13.3.rel1.win32_1.0.0.202411081344/tools/bin/../lib/gcc/arm-none-eabi/13.3.1/thumb/v7e-m+fp/hard\libgcc.a(_aeabi_uldivmod.o)
 .debug_frame   0x00001f70       0x34 C:/ST/STM32CubeIDE_1.19.0/STM32CubeIDE/plugins/com.st.stm32cube.ide.mcu.externaltools.gnu-tools-for-stm32.13.3.rel1.win32_1.0.0.202411081344/tools/bin/../lib/gcc/arm-none-eabi/13.3.1/thumb/v7e-m+fp/hard\libgcc.a(_udivmoddi4.o)

.debug_line_str
                0x00000000       0x76
 .debug_line_str
                0x00000000       0x76 ./Core/Startup/startup_stm32f429zitx.o
